8 6 4 3 0 
8 6 4 3 1 
8 6 4 3 2 
8 6 4 3 
8 6 4 
8 6 4 5 
8 6 
8 6 7 
8 9 
8 9 10 
8 9 11 
8 9 11 12 
8 9 11 13 
8 9 11 13 14 
8 9 11 13 15 
8 9 11 13 15 16 
8 18 17 
8 18 
8 18 19 
