4 9 8 6 0 
4 7 5 2 1 
4 7 5 2 
4 7 5 2 3 
4 7 5 
4 9 8 6 
4 7 
4 9 8 
4 9 
