11 2 4 8 1 0 
11 2 4 8 1 
11 2 
11 12 3 
11 2 4 
11 12 5 
11 12 3 15 13 6 
11 12 5 7 
11 2 4 8 
11 12 5 9 
11 12 5 14 19 10 
11 12 
11 12 3 15 13 
11 12 5 14 
11 12 3 15 
11 12 3 15 13 6 16 
11 12 3 15 17 
11 12 3 18 
11 12 5 14 19 
